// Jest Snapshot v1, https://goo.gl/fbAQLP

exports[`Button container it matches the snapshot 1`] = `
<button
  aria-describedby={null}
  aria-label="test"
  className="button-container  test"
  disabled={false}
  onClick={[Function]}
  onKeyPress={[Function]}
  role="button"
  tabIndex="0"
  type="button"
>
  Test
</button>
`;
