// Jest Snapshot v1, https://goo.gl/fbAQLP

exports[`Input field it matches the snapshot 1`] = `
<label
  className=""
  htmlFor="test"
>
  test
  <input
    aria-label="test"
    aria-required={false}
    className=""
    id="test"
    name="test"
    onChange={[Function]}
    placeholder="test"
    type="text"
    value=""
  />
</label>
`;
